[kanga-fine-wine.business.site/index5cbd.html]
[backblue.gif]
[fade.gif]
[index.html]
[kanga-fine-wine.business.site/about.0.delayed]
[kanga-fine-wine.business.site/website/demo/index.html]
[www.google-analytics.com/analytics.js]
[kanga-fine-wine.business.site/index.html]
[www.gstatic.com/feedback/api.js]
[kanga-fine-wine.business.site/index6f8f.html]
[apis.google.com/js/api.js]
[kanga-fine-wine.business.site/b.4.delayed]
[kanga-fine-wine.business.site/https_.5.delayed]
[kanga-fine-wine.business.site/index5cbd.html]
[kanga-fine-wine.business.site/website/demo/index.html]
[kanga-fine-wine.business.site/index.html]
[kanga-fine-wine.business.site/index6f8f.html]
[kanga-fine-wine.business.site/about.html]
[kanga-fine-wine.business.site/b.html]
[kanga-fine-wine.business.site/https_.html]
[kanga-fine-wine.business.site/Edg/index.html]
[kanga-fine-wine.business.site/Edg/index.html]
[kanga-fine-wine.business.site/+/index.html]
[kanga-fine-wine.business.site/+/index.html]
[www.gstatic.com/bfe/apps/website/css/LTR_222161133.css]
